python : TF2 unavailable. Entering fallback mode using estimator state.
所在位置 行:1 字符: 32
+ ... NG='utf-8'; python -m universal_controller.tests.run_all_tests > test ...
+                 ~~~~~~~~~~~~~~~~~~~~~~~~~~~~~~~~~~~~~~~~~~~~~~~~~~~~~~~~~
    + CategoryInfo          : NotSpecified: (TF2 unavailable...stimator state.:String) [], RemoteException
    + FullyQualifiedErrorId : NativeCommandError
 
Transform fallback critical limit exceeded (0.30s > 0.20s). Returning EMPTY trajectory.
Traceback (most recent call last):
  File "<frozen runpy>", line 198, in _run_module_as_main
  File "<frozen runpy>", line 88, in _run_code
  File "D:\AllControlBase\universal_controller\tests\run_all_tests.py", line 43, in <module>
    test_tf2_recovery_correction()
    ~~~~~~~~~~~~~~~~~~~~~~~~~~~~^^
  File "D:\AllControlBase\universal_controller\tests\test_tf2_transform.py", line 147, in test_tf2_recovery_correction
    estimator.update_odom(odom)
    ~~~~~~~~~~~~~~~~~~~~~^^^^^^
TypeError: AdaptiveEKFEstimator.update_odom() missing 1 required positional argument: 'current_time'
============================================================
Universal Controller v3.17.12 - Complete Test Suite
============================================================

[1/9] Running Core Tests...
----------------------------------------
鉁?test_control_output_copy passed
鉁?test_trajectory_get_velocities_unified passed
鉁?test_diagnostics_v2_to_ros_msg passed
鉁?test_default_config_completeness passed
鉁?test_get_config_value passed
鉁?test_transform_status passed
鉁?test_trajectory_copy passed

[2/9] Running Component Tests...
----------------------------------------
鉁?test_adaptive_ekf passed
鉁?test_temporal_valid_requires_two_samples passed
鉁?test_state_machine_counter_reset passed
鉁?test_timeout_monitor passed
鉁?test_safety_monitor passed
鈿?test_mpc_horizon_dynamic_adjustment skipped (ACADOS not available)
鉁?test_pure_pursuit_shutdown passed
鉁?test_mpc_health_monitor passed
鉁?test_consistency_analyzer passed

[3/9] Running TF2 Transform Tests (F3)...
----------------------------------------
[PASS] test_tf2_transform_basic passed
[PASS] test_tf2_fallback_degradation passed
